
ASUS@DESKTOP-I61J4LL MINGW64 /e/Work/GIT/Task1
$ git config --global user.name “mihir adelkar”

ASUS@DESKTOP-I61J4LL MINGW64 /e/Work/GIT/Task1
$ git config --global user.email “mihir.adelkar@neosoftmail.com”

ASUS@DESKTOP-I61J4LL MINGW64 /e/Work/GIT/Task1
$ git config --global color.ui auto

ASUS@DESKTOP-I61J4LL MINGW64 /e/Work/GIT/Task1
$ git init
Initialized empty Git repository in E:/Work/GIT/Task1/.git/

ASUS@DESKTOP-I61J4LL MINGW64 /e/Work/GIT/Task1 (master)
$ git status
On branch master

No commits yet

nothing to commit (create/copy files and use "git add" to track)

ASUS@DESKTOP-I61J4LL MINGW64 /e/Work/GIT/Task1 (master)
$ echo "this is a test file 1." >> file1.txt

ASUS@DESKTOP-I61J4LL MINGW64 /e/Work/GIT/Task1 (master)
$ git add file1.txt
warning: LF will be replaced by CRLF in file1.txt.
The file will have its original line endings in your working directory

ASUS@DESKTOP-I61J4LL MINGW64 /e/Work/GIT/Task1 (master)
$ echo "this is a test file 2." >> file2.txt

ASUS@DESKTOP-I61J4LL MINGW64 /e/Work/GIT/Task1 (master)
$ git diff

ASUS@DESKTOP-I61J4LL MINGW64 /e/Work/GIT/Task1 (master)
$ git diff --staged
diff --git a/file1.txt b/file1.txt
new file mode 100644
index 0000000..50c475f
--- /dev/null
+++ b/file1.txt
@@ -0,0 +1 @@
+this is a test file 1.

ASUS@DESKTOP-I61J4LL MINGW64 /e/Work/GIT/Task1 (master)
$ echo "this is line 2" >> file1.txt

ASUS@DESKTOP-I61J4LL MINGW64 /e/Work/GIT/Task1 (master)
$ git diff
warning: LF will be replaced by CRLF in file1.txt.
The file will have its original line endings in your working directory
diff --git a/file1.txt b/file1.txt
index 50c475f..9ec9e50 100644
--- a/file1.txt
+++ b/file1.txt
@@ -1 +1,2 @@
 this is a test file 1.
+this is line 2

ASUS@DESKTOP-I61J4LL MINGW64 /e/Work/GIT/Task1 (master)
$ git reset file1.txt

ASUS@DESKTOP-I61J4LL MINGW64 /e/Work/GIT/Task1 (master)
$ git diff

ASUS@DESKTOP-I61J4LL MINGW64 /e/Work/GIT/Task1 (master)
$ echo "this is line 3" >> file1.txt

ASUS@DESKTOP-I61J4LL MINGW64 /e/Work/GIT/Task1 (master)
$ git diff

ASUS@DESKTOP-I61J4LL MINGW64 /e/Work/GIT/Task1 (master)
$ git diff --staged

ASUS@DESKTOP-I61J4LL MINGW64 /e/Work/GIT/Task1 (master)
$ git commit -m “first commit”
error: pathspec 'commit”' did not match any file(s) known to git

ASUS@DESKTOP-I61J4LL MINGW64 /e/Work/GIT/Task1 (master)
$ git commit -m “first commit”
error: pathspec 'commit”' did not match any file(s) known to git

ASUS@DESKTOP-I61J4LL MINGW64 /e/Work/GIT/Task1 (master)
$ git add .
warning: LF will be replaced by CRLF in file1.txt.
The file will have its original line endings in your working directory
warning: LF will be replaced by CRLF in file2.txt.
The file will have its original line endings in your working directory

ASUS@DESKTOP-I61J4LL MINGW64 /e/Work/GIT/Task1 (master)
$ git diff --staged
diff --git a/file1.txt b/file1.txt
new file mode 100644
index 0000000..d076fb8
--- /dev/null
+++ b/file1.txt
@@ -0,0 +1,3 @@
+this is a test file 1.
+this is line 2
+this is line 3
diff --git a/file2.txt b/file2.txt
new file mode 100644
index 0000000..7a74eb3
--- /dev/null
+++ b/file2.txt
@@ -0,0 +1 @@
+this is a test file 2.

ASUS@DESKTOP-I61J4LL MINGW64 /e/Work/GIT/Task1 (master)
$ git reset file1.txt

ASUS@DESKTOP-I61J4LL MINGW64 /e/Work/GIT/Task1 (master)
$ git diff --staged
diff --git a/file2.txt b/file2.txt
new file mode 100644
index 0000000..7a74eb3
--- /dev/null
+++ b/file2.txt
@@ -0,0 +1 @@
+this is a test file 2.

ASUS@DESKTOP-I61J4LL MINGW64 /e/Work/GIT/Task1 (master)
$ git add file1.txt
warning: LF will be replaced by CRLF in file1.txt.
The file will have its original line endings in your working directory

ASUS@DESKTOP-I61J4LL MINGW64 /e/Work/GIT/Task1 (master)
$ git diff --staged
diff --git a/file1.txt b/file1.txt
new file mode 100644
index 0000000..d076fb8
--- /dev/null
+++ b/file1.txt
@@ -0,0 +1,3 @@
+this is a test file 1.
+this is line 2
+this is line 3
diff --git a/file2.txt b/file2.txt
new file mode 100644
index 0000000..7a74eb3
--- /dev/null
+++ b/file2.txt
@@ -0,0 +1 @@
+this is a test file 2.

ASUS@DESKTOP-I61J4LL MINGW64 /e/Work/GIT/Task1 (master)
$ git reset

ASUS@DESKTOP-I61J4LL MINGW64 /e/Work/GIT/Task1 (master)
$ git diff --staged

ASUS@DESKTOP-I61J4LL MINGW64 /e/Work/GIT/Task1 (master)
$ git add .
warning: LF will be replaced by CRLF in file1.txt.
The file will have its original line endings in your working directory
warning: LF will be replaced by CRLF in file2.txt.
The file will have its original line endings in your working directory

ASUS@DESKTOP-I61J4LL MINGW64 /e/Work/GIT/Task1 (master)
$ git diff --staged
diff --git a/file1.txt b/file1.txt
new file mode 100644
index 0000000..d076fb8
--- /dev/null
+++ b/file1.txt
@@ -0,0 +1,3 @@
+this is a test file 1.
+this is line 2
+this is line 3
diff --git a/file2.txt b/file2.txt
new file mode 100644
index 0000000..7a74eb3
--- /dev/null
+++ b/file2.txt
@@ -0,0 +1 @@
+this is a test file 2.

ASUS@DESKTOP-I61J4LL MINGW64 /e/Work/GIT/Task1 (master)
$ git commit -m “first commit”
error: pathspec 'commit”' did not match any file(s) known to git

ASUS@DESKTOP-I61J4LL MINGW64 /e/Work/GIT/Task1 (master)
$ git remote add origin git@github.com:mihir-neosoft/congenial-barnacle.git

ASUS@DESKTOP-I61J4LL MINGW64 /e/Work/GIT/Task1 (master)
$ git commit -m “first commit”
error: pathspec 'commit”' did not match any file(s) known to git

ASUS@DESKTOP-I61J4LL MINGW64 /e/Work/GIT/Task1 (master)
$ git add .

ASUS@DESKTOP-I61J4LL MINGW64 /e/Work/GIT/Task1 (master)
$ git commit -m “first commit”
error: pathspec 'commit”' did not match any file(s) known to git

ASUS@DESKTOP-I61J4LL MINGW64 /e/Work/GIT/Task1 (master)
$ git commit -m "first commit"
[master (root-commit) fb808af] first commit
 2 files changed, 4 insertions(+)
 create mode 100644 file1.txt
 create mode 100644 file2.txt

ASUS@DESKTOP-I61J4LL MINGW64 /e/Work/GIT/Task1 (master)
$ git branch
* master

ASUS@DESKTOP-I61J4LL MINGW64 /e/Work/GIT/Task1 (master)
$ git push
fatal: The current branch master has no upstream branch.
To push the current branch and set the remote as upstream, use

    git push --set-upstream origin master


ASUS@DESKTOP-I61J4LL MINGW64 /e/Work/GIT/Task1 (master)
$ ^C

ASUS@DESKTOP-I61J4LL MINGW64 /e/Work/GIT/Task1 (master)
$ git push --set-upstream origin master
Enumerating objects: 4, done.
Counting objects: 100% (4/4), done.
Delta compression using up to 12 threads
Compressing objects: 100% (3/3), done.
Writing objects: 100% (4/4), 315 bytes | 105.00 KiB/s, done.
Total 4 (delta 0), reused 0 (delta 0), pack-reused 0
To github.com:mihir-neosoft/congenial-barnacle.git
 * [new branch]      master -> master
Branch 'master' set up to track remote branch 'master' from 'origin'.

ASUS@DESKTOP-I61J4LL MINGW64 /e/Work/GIT/Task1 (master)
$ git branch branch1

ASUS@DESKTOP-I61J4LL MINGW64 /e/Work/GIT/Task1 (master)
$ git checkout branch1
Switched to branch 'branch1'

ASUS@DESKTOP-I61J4LL MINGW64 /e/Work/GIT/Task1 (branch1)
$ git checkout master
Switched to branch 'master'
Your branch is up to date with 'origin/master'.

ASUS@DESKTOP-I61J4LL MINGW64 /e/Work/GIT/Task1 (master)
$ git log
commit fb808af20f8f8cce03329e32412dd26d27e554a0 (HEAD -> master, origin/master, branch1)
Author: “mihir <“mihir.adelkar@neosoftmail.com”>
Date:   Wed Sep 15 23:21:02 2021 +0530

    first commit

ASUS@DESKTOP-I61J4LL MINGW64 /e/Work/GIT/Task1 (master)
$ echo "this isn line 1." >> file3.txt
ASUS@DESKTOP-I61J4LL MINGW64 /e/Work/GIT/Task1 (master)
$ git rm file3.txt
fatal: pathspec 'file3.txt' did not match any files

ASUS@DESKTOP-I61J4LL MINGW64 /e/Work/GIT/Task1 (master)
$ git rm file3.txt
fatal: pathspec 'file3.txt' did not match any files

ASUS@DESKTOP-I61J4LL MINGW64 /e/Work/GIT/Task1 (master)
$ git rm file2.txt
rm 'file2.txt'

ASUS@DESKTOP-I61J4LL MINGW64 /e/Work/GIT/Task1 (master)
$ echo "this is a test file 2." >> file2.txt

ASUS@DESKTOP-I61J4LL MINGW64 /e/Work/GIT/Task1 (master)
$ git add .
warning: LF will be replaced by CRLF in file2.txt.
The file will have its original line endings in your working directory
warning: LF will be replaced by CRLF in file3.txt.
The file will have its original line endings in your working directory

ASUS@DESKTOP-I61J4LL MINGW64 /e/Work/GIT/Task1 (master)
$ git diff

ASUS@DESKTOP-I61J4LL MINGW64 /e/Work/GIT/Task1 (master)
$ git add --staged
error: unknown option `staged'
usage: git add [<options>] [--] <pathspec>...

    -n, --dry-run         dry run
    -v, --verbose         be verbose

    -i, --interactive     interactive picking
    -p, --patch           select hunks interactively
    -e, --edit            edit current diff and apply
    -f, --force           allow adding otherwise ignored files
    -u, --update          update tracked files
    --renormalize         renormalize EOL of tracked files (implies -u)
    -N, --intent-to-add   record only the fact that the path will be added later
    -A, --all             add changes from all tracked and untracked files
    --ignore-removal      ignore paths removed in the working tree (same as --no-all)
    --refresh             don't add, only refresh the index
    --ignore-errors       just skip files which cannot be added because of errors
    --ignore-missing      check if - even missing - files are ignored in dry run
    --chmod (+|-)x        override the executable bit of the listed files
    --pathspec-from-file <file>
                          read pathspec from file
    --pathspec-file-nul   with --pathspec-from-file, pathspec elements are separated with NUL character


ASUS@DESKTOP-I61J4LL MINGW64 /e/Work/GIT/Task1 (master)
$ git diff --staged
diff --git a/file3.txt b/file3.txt
new file mode 100644
index 0000000..53b6825
--- /dev/null
+++ b/file3.txt
@@ -0,0 +1 @@
+this isn line 1.

ASUS@DESKTOP-I61J4LL MINGW64 /e/Work/GIT/Task1 (master)
$ git add .

ASUS@DESKTOP-I61J4LL MINGW64 /e/Work/GIT/Task1 (master)
$ git commit -m "second commit"
[master cd836f0] second commit
 1 file changed, 1 insertion(+)
 create mode 100644 file3.txt

ASUS@DESKTOP-I61J4LL MINGW64 /e/Work/GIT/Task1 (master)
$ git diff --staged

ASUS@DESKTOP-I61J4LL MINGW64 /e/Work/GIT/Task1 (master)
$ git push
Warning: Permanently added the RSA host key for IP address '13.234.176.102' to the list of known hosts.
Enumerating objects: 4, done.
Counting objects: 100% (4/4), done.
Delta compression using up to 12 threads
Compressing objects: 100% (2/2), done.
Writing objects: 100% (3/3), 325 bytes | 162.00 KiB/s, done.
Total 3 (delta 0), reused 0 (delta 0), pack-reused 0
To github.com:mihir-neosoft/congenial-barnacle.git
   fb808af..cd836f0  master -> master

ASUS@DESKTOP-I61J4LL MINGW64 /e/Work/GIT/Task1 (master)
$ git branch
  branch1
* master

ASUS@DESKTOP-I61J4LL MINGW64 /e/Work/GIT/Task1 (master)
$ git checkout branch1
Switched to branch 'branch1'

ASUS@DESKTOP-I61J4LL MINGW64 /e/Work/GIT/Task1 (branch1)
$ git pull
There is no tracking information for the current branch.
Please specify which branch you want to merge with.
See git-pull(1) for details.

    git pull <remote> <branch>

If you wish to set tracking information for this branch you can do so with:

    git branch --set-upstream-to=origin/<branch> branch1


ASUS@DESKTOP-I61J4LL MINGW64 /e/Work/GIT/Task1 (branch1)
$ git pull origin master
From github.com:mihir-neosoft/congenial-barnacle
 * branch            master     -> FETCH_HEAD
Updating fb808af..cd836f0
Fast-forward
 file3.txt | 1 +
 1 file changed, 1 insertion(+)
 create mode 100644 file3.txt

ASUS@DESKTOP-I61J4LL MINGW64 /e/Work/GIT/Task1 (branch1)
$ git checkout master
Switched to branch 'master'
Your branch is up to date with 'origin/master'.

ASUS@DESKTOP-I61J4LL MINGW64 /e/Work/GIT/Task1 (master)
$ git rm file3.txt
rm 'file3.txt'

ASUS@DESKTOP-I61J4LL MINGW64 /e/Work/GIT/Task1 (master)
$ git commit -m "remove file3"
[master b876f2d] remove file3
 1 file changed, 1 deletion(-)
 delete mode 100644 file3.txt

ASUS@DESKTOP-I61J4LL MINGW64 /e/Work/GIT/Task1 (master)
$ git push
Enumerating objects: 3, done.
Counting objects: 100% (3/3), done.
Delta compression using up to 12 threads
Compressing objects: 100% (2/2), done.
Writing objects: 100% (2/2), 230 bytes | 230.00 KiB/s, done.
Total 2 (delta 1), reused 0 (delta 0), pack-reused 0
remote: Resolving deltas: 100% (1/1), completed with 1 local object.
To github.com:mihir-neosoft/congenial-barnacle.git
   cd836f0..b876f2d  master -> master

ASUS@DESKTOP-I61J4LL MINGW64 /e/Work/GIT/Task1 (master)
$ git checkout branch1
Switched to branch 'branch1'

ASUS@DESKTOP-I61J4LL MINGW64 /e/Work/GIT/Task1 (branch1)
$ git push
fatal: The current branch branch1 has no upstream branch.
To push the current branch and set the remote as upstream, use

    git push --set-upstream origin branch1


ASUS@DESKTOP-I61J4LL MINGW64 /e/Work/GIT/Task1 (branch1)
$ git push origin branch1
Total 0 (delta 0), reused 0 (delta 0), pack-reused 0
remote:
remote: Create a pull request for 'branch1' on GitHub by visiting:
remote:      https://github.com/mihir-neosoft/congenial-barnacle/pull/new/branch1
remote:
To github.com:mihir-neosoft/congenial-barnacle.git
 * [new branch]      branch1 -> branch1

ASUS@DESKTOP-I61J4LL MINGW64 /e/Work/GIT/Task1 (branch1)
$ git diff master--branch1
fatal: ambiguous argument 'master--branch1': unknown revision or path not in the working tree.
Use '--' to separate paths from revisions, like this:
'git <command> [<revision>...] -- [<file>...]'

ASUS@DESKTOP-I61J4LL MINGW64 /e/Work/GIT/Task1 (branch1)
$ git diff

ASUS@DESKTOP-I61J4LL MINGW64 /e/Work/GIT/Task1 (branch1)
$ git checkout master
Switched to branch 'master'
Your branch is up to date with 'origin/master'.

ASUS@DESKTOP-I61J4LL MINGW64 /e/Work/GIT/Task1 (master)
$ git log
commit b876f2df5c3b695f5e80e0a9c6898776e8a40410 (HEAD -> master, origin/master)
Author: “mihir <“mihir.adelkar@neosoftmail.com”>
Date:   Thu Sep 16 00:04:01 2021 +0530

    remove file3

commit cd836f00e52c9d45c48ff696252bb4faa05b7fb2 (origin/branch1, branch1)
Author: “mihir <“mihir.adelkar@neosoftmail.com”>
Date:   Wed Sep 15 23:54:20 2021 +0530

    second commit

commit fb808af20f8f8cce03329e32412dd26d27e554a0
Author: “mihir <“mihir.adelkar@neosoftmail.com”>
Date:   Wed Sep 15 23:21:02 2021 +0530

    first commit

ASUS@DESKTOP-I61J4LL MINGW64 /e/Work/GIT/Task1 (master)
$ git checkout branch1
Switched to branch 'branch1'

ASUS@DESKTOP-I61J4LL MINGW64 /e/Work/GIT/Task1 (branch1)
$ git log
commit cd836f00e52c9d45c48ff696252bb4faa05b7fb2 (HEAD -> branch1, origin/branch1)
Author: “mihir <“mihir.adelkar@neosoftmail.com”>
Date:   Wed Sep 15 23:54:20 2021 +0530

    second commit

commit fb808af20f8f8cce03329e32412dd26d27e554a0
Author: “mihir <“mihir.adelkar@neosoftmail.com”>
Date:   Wed Sep 15 23:21:02 2021 +0530

    first commit

ASUS@DESKTOP-I61J4LL MINGW64 /e/Work/GIT/Task1 (branch1)
$ git rm file3.txt
rm 'file3.txt'

ASUS@DESKTOP-I61J4LL MINGW64 /e/Work/GIT/Task1 (branch1)
$ git push
fatal: The current branch branch1 has no upstream branch.
To push the current branch and set the remote as upstream, use

    git push --set-upstream origin branch1


ASUS@DESKTOP-I61J4LL MINGW64 /e/Work/GIT/Task1 (branch1)
$ git push origin branch1
Everything up-to-date

ASUS@DESKTOP-I61J4LL MINGW64 /e/Work/GIT/Task1 (branch1)
$ git commit -m "remove file3"
[branch1 b8f98ef] remove file3
 1 file changed, 1 deletion(-)
 delete mode 100644 file3.txt

ASUS@DESKTOP-I61J4LL MINGW64 /e/Work/GIT/Task1 (branch1)
$ git push origin branch1
Enumerating objects: 3, done.
Counting objects: 100% (3/3), done.
Delta compression using up to 12 threads
Compressing objects: 100% (2/2), done.
Writing objects: 100% (2/2), 230 bytes | 230.00 KiB/s, done.
Total 2 (delta 1), reused 0 (delta 0), pack-reused 0
remote: Resolving deltas: 100% (1/1), completed with 1 local object.
To github.com:mihir-neosoft/congenial-barnacle.git
   cd836f0..b8f98ef  branch1 -> branch1

ASUS@DESKTOP-I61J4LL MINGW64 /e/Work/GIT/Task1 (branch1)
$ git log
commit b8f98ef616ad77fe993426c4fed89c7861e2d507 (HEAD -> branch1, origin/branch1)
Author: “mihir <“mihir.adelkar@neosoftmail.com”>
Date:   Thu Sep 16 00:31:08 2021 +0530

    remove file3

commit cd836f00e52c9d45c48ff696252bb4faa05b7fb2
Author: “mihir <“mihir.adelkar@neosoftmail.com”>
Date:   Wed Sep 15 23:54:20 2021 +0530

    second commit

commit fb808af20f8f8cce03329e32412dd26d27e554a0
Author: “mihir <“mihir.adelkar@neosoftmail.com”>
Date:   Wed Sep 15 23:21:02 2021 +0530

    first commit

ASUS@DESKTOP-I61J4LL MINGW64 /e/Work/GIT/Task1 (branch1)
$ echo "this is a test file 3." >> file3.txt

ASUS@DESKTOP-I61J4LL MINGW64 /e/Work/GIT/Task1 (branch1)
$ git add .
warning: LF will be replaced by CRLF in file3.txt.
The file will have its original line endings in your working directory

ASUS@DESKTOP-I61J4LL MINGW64 /e/Work/GIT/Task1 (branch1)
$ git commit -m "added file 3"
[branch1 128dc09] added file 3
 1 file changed, 1 insertion(+)
 create mode 100644 file3.txt

ASUS@DESKTOP-I61J4LL MINGW64 /e/Work/GIT/Task1 (branch1)
$ git push origin branch1
Enumerating objects: 4, done.
Counting objects: 100% (4/4), done.
Delta compression using up to 12 threads
Compressing objects: 100% (2/2), done.
Writing objects: 100% (3/3), 330 bytes | 330.00 KiB/s, done.
Total 3 (delta 0), reused 0 (delta 0), pack-reused 0
To github.com:mihir-neosoft/congenial-barnacle.git
   b8f98ef..128dc09  branch1 -> branch1

ASUS@DESKTOP-I61J4LL MINGW64 /e/Work/GIT/Task1 (branch1)
$ git fetch origin

ASUS@DESKTOP-I61J4LL MINGW64 /e/Work/GIT/Task1 (branch1)
$ git diff branch1...master
diff --git a/file3.txt b/file3.txt
deleted file mode 100644
index 53b6825..0000000
--- a/file3.txt
+++ /dev/null
@@ -1 +0,0 @@
-this isn line 1.

ASUS@DESKTOP-I61J4LL MINGW64 /e/Work/GIT/Task1 (branch1)
$ git log branch1..master
commit b876f2df5c3b695f5e80e0a9c6898776e8a40410 (origin/master, master)
Author: “mihir <“mihir.adelkar@neosoftmail.com”>
Date:   Thu Sep 16 00:04:01 2021 +0530

    remove file3

ASUS@DESKTOP-I61J4LL MINGW64 /e/Work/GIT/Task1 (branch1)
$ echo "this is file 4." >> file4.txt

ASUS@DESKTOP-I61J4LL MINGW64 /e/Work/GIT/Task1 (branch1)
$ git rebase branch1
Current branch branch1 is up to date.

ASUS@DESKTOP-I61J4LL MINGW64 /e/Work/GIT/Task1 (branch1)
$ git add .
warning: LF will be replaced by CRLF in file4.txt.
The file will have its original line endings in your working directory

ASUS@DESKTOP-I61J4LL MINGW64 /e/Work/GIT/Task1 (branch1)
$ git rebase branch1
error: cannot rebase: Your index contains uncommitted changes.
error: Please commit or stash them.

ASUS@DESKTOP-I61J4LL MINGW64 /e/Work/GIT/Task1 (branch1)
$ git stash
Saved working directory and index state WIP on branch1: 128dc09 added file 3

ASUS@DESKTOP-I61J4LL MINGW64 /e/Work/GIT/Task1 (branch1)
$ git rebase branch1
Current branch branch1 is up to date.

ASUS@DESKTOP-I61J4LL MINGW64 /e/Work/GIT/Task1 (branch1)
$ echo "this is file 4." >> file4.txt

ASUS@DESKTOP-I61J4LL MINGW64 /e/Work/GIT/Task1 (branch1)
$ git add .
warning: LF will be replaced by CRLF in file4.txt.
The file will have its original line endings in your working directory

ASUS@DESKTOP-I61J4LL MINGW64 /e/Work/GIT/Task1 (branch1)
$ git commit -m "commit file 4"
[branch1 e7dab9f] commit file 4
 1 file changed, 1 insertion(+)
 create mode 100644 file4.txt

ASUS@DESKTOP-I61J4LL MINGW64 /e/Work/GIT/Task1 (branch1)
$ git rebase branch1
Current branch branch1 is up to date.

ASUS@DESKTOP-I61J4LL MINGW64 /e/Work/GIT/Task1 (branch1)
$ git checkout branch4
error: pathspec 'branch4' did not match any file(s) known to git

ASUS@DESKTOP-I61J4LL MINGW64 /e/Work/GIT/Task1 (branch1)
$ git branch branch4

ASUS@DESKTOP-I61J4LL MINGW64 /e/Work/GIT/Task1 (branch1)
$ git checkout branch4
Switched to branch 'branch4'

ASUS@DESKTOP-I61J4LL MINGW64 /e/Work/GIT/Task1 (branch4)
$ git branch -m branch4 branch3

ASUS@DESKTOP-I61J4LL MINGW64 /e/Work/GIT/Task1 (branch3)
$ git branch -d branch3
error: Cannot delete branch 'branch3' checked out at 'E:/Work/GIT/Task1'

ASUS@DESKTOP-I61J4LL MINGW64 /e/Work/GIT/Task1 (branch3)
$ git checkout branch1
Switched to branch 'branch1'

ASUS@DESKTOP-I61J4LL MINGW64 /e/Work/GIT/Task1 (branch1)
$ git branch -d branch3
Deleted branch branch3 (was e7dab9f).

ASUS@DESKTOP-I61J4LL MINGW64 /e/Work/GIT/Task1 (branch1)
$ git checkout branch3
error: pathspec 'branch3' did not match any file(s) known to git

ASUS@DESKTOP-I61J4LL MINGW64 /e/Work/GIT/Task1 (branch1)
$ git branch branch4

ASUS@DESKTOP-I61J4LL MINGW64 /e/Work/GIT/Task1 (branch1)
$ git branch
* branch1
  branch4
  master

ASUS@DESKTOP-I61J4LL MINGW64 /e/Work/GIT/Task1 (branch1)
$ git push origin branch4
Enumerating objects: 4, done.
Counting objects: 100% (4/4), done.
Delta compression using up to 12 threads
Compressing objects: 100% (2/2), done.
Writing objects: 100% (3/3), 295 bytes | 295.00 KiB/s, done.
Total 3 (delta 1), reused 0 (delta 0), pack-reused 0
remote: Resolving deltas: 100% (1/1), completed with 1 local object.
remote:
remote: Create a pull request for 'branch4' on GitHub by visiting:
remote:      https://github.com/mihir-neosoft/congenial-barnacle/pull/new/branch4
remote:
To github.com:mihir-neosoft/congenial-barnacle.git
 * [new branch]      branch4 -> branch4

ASUS@DESKTOP-I61J4LL MINGW64 /e/Work/GIT/Task1 (branch1)
$ git checkout branch4
Switched to branch 'branch4'

ASUS@DESKTOP-I61J4LL MINGW64 /e/Work/GIT/Task1 (branch4)
$ echo "this is file 4." >> file4.txt

ASUS@DESKTOP-I61J4LL MINGW64 /e/Work/GIT/Task1 (branch4)
$ git add .
warning: LF will be replaced by CRLF in file4.txt.
The file will have its original line endings in your working directory

ASUS@DESKTOP-I61J4LL MINGW64 /e/Work/GIT/Task1 (branch4)
$ git commit -m "branch4 file 4  commit"
[branch4 ea4dcad] branch4 file 4  commit
 1 file changed, 1 insertion(+)

ASUS@DESKTOP-I61J4LL MINGW64 /e/Work/GIT/Task1 (branch4)
$ git puch origin branch4'
> \
> z
> git puch origin branch4'
\
git: 'puch' is not a git command. See 'git --help'.

The most similar command is
        push
bash: z: command not found

ASUS@DESKTOP-I61J4LL MINGW64 /e/Work/GIT/Task1 (branch4)
$ git puch origin branch4
git: 'puch' is not a git command. See 'git --help'.

The most similar command is
        push

ASUS@DESKTOP-I61J4LL MINGW64 /e/Work/GIT/Task1 (branch4)
$ git push origin branch4
Enumerating objects: 5, done.
Counting objects: 100% (5/5), done.
Delta compression using up to 12 threads
Compressing objects: 100% (2/2), done.
Writing objects: 100% (3/3), 289 bytes | 289.00 KiB/s, done.
Total 3 (delta 1), reused 0 (delta 0), pack-reused 0
remote: Resolving deltas: 100% (1/1), completed with 1 local object.
To github.com:mihir-neosoft/congenial-barnacle.git
   e7dab9f..ea4dcad  branch4 -> branch4

ASUS@DESKTOP-I61J4LL MINGW64 /e/Work/GIT/Task1 (branch4)
$ git branch -m branch4 branch3

ASUS@DESKTOP-I61J4LL MINGW64 /e/Work/GIT/Task1 (branch3)
$ git branch -d branch3
error: Cannot delete branch 'branch3' checked out at 'E:/Work/GIT/Task1'

ASUS@DESKTOP-I61J4LL MINGW64 /e/Work/GIT/Task1 (branch3)
$ git checkout branch1
Switched to branch 'branch1'

ASUS@DESKTOP-I61J4LL MINGW64 /e/Work/GIT/Task1 (branch1)
$ git branch -d branch3
error: The branch 'branch3' is not fully merged.
If you are sure you want to delete it, run 'git branch -D branch3'.

ASUS@DESKTOP-I61J4LL MINGW64 /e/Work/GIT/Task1 (branch1)
$ git branch -D branch3
Deleted branch branch3 (was ea4dcad).

ASUS@DESKTOP-I61J4LL MINGW64 /e/Work/GIT/Task1 (branch1)
$ git rebase
There is no tracking information for the current branch.
Please specify which branch you want to rebase against.
See git-rebase(1) for details.

    git rebase '<branch>'

If you wish to set tracking information for this branch you can do so with:

    git branch --set-upstream-to=<remote>/<branch> branch1


ASUS@DESKTOP-I61J4LL MINGW64 /e/Work/GIT/Task1 (branch1)
$ git rebase origin
fatal: invalid upstream 'origin'

ASUS@DESKTOP-I61J4LL MINGW64 /e/Work/GIT/Task1 (branch1)
$ git rebase master
Successfully rebased and updated refs/heads/branch1.

ASUS@DESKTOP-I61J4LL MINGW64 /e/Work/GIT/Task1 (branch1)
$ ls
file1.txt  file2.txt  file3.txt  file4.txt

ASUS@DESKTOP-I61J4LL MINGW64 /e/Work/GIT/Task1 (branch1)
$ git log
commit dac8f61f10404e0acce2a06a88edfd8ea87df375 (HEAD -> branch1)
Author: “mihir <“mihir.adelkar@neosoftmail.com”>
Date:   Thu Sep 16 01:18:49 2021 +0530

    commit file 4

commit 1d72e3b059442fabc3a8029abf0eb2aacd4c7ca7
Author: “mihir <“mihir.adelkar@neosoftmail.com”>
Date:   Thu Sep 16 00:38:08 2021 +0530

    added file 3

commit b876f2df5c3b695f5e80e0a9c6898776e8a40410 (origin/master, master)
Author: “mihir <“mihir.adelkar@neosoftmail.com”>
Date:   Thu Sep 16 00:04:01 2021 +0530

    remove file3

commit cd836f00e52c9d45c48ff696252bb4faa05b7fb2
Author: “mihir <“mihir.adelkar@neosoftmail.com”>
Date:   Wed Sep 15 23:54:20 2021 +0530

    second commit

commit fb808af20f8f8cce03329e32412dd26d27e554a0
Author: “mihir <“mihir.adelkar@neosoftmail.com”>
Date:   Wed Sep 15 23:21:02 2021 +0530

    first commit

ASUS@DESKTOP-I61J4LL MINGW64 /e/Work/GIT/Task1 (branch1)
$ ^C

ASUS@DESKTOP-I61J4LL MINGW64 /e/Work/GIT/Task1 (branch1)
$ git reset --hard ^C

ASUS@DESKTOP-I61J4LL MINGW64 /e/Work/GIT/Task1 (branch1)
$ git reset --hard 1d72e3b059442fabc3a8029abf0eb2aacd4c7ca7
HEAD is now at 1d72e3b added file 3

ASUS@DESKTOP-I61J4LL MINGW64 /e/Work/GIT/Task1 (branch1)
$ git log
commit 1d72e3b059442fabc3a8029abf0eb2aacd4c7ca7 (HEAD -> branch1)
Author: “mihir <“mihir.adelkar@neosoftmail.com”>
Date:   Thu Sep 16 00:38:08 2021 +0530

    added file 3

commit b876f2df5c3b695f5e80e0a9c6898776e8a40410 (origin/master, master)
Author: “mihir <“mihir.adelkar@neosoftmail.com”>
Date:   Thu Sep 16 00:04:01 2021 +0530

    remove file3

commit cd836f00e52c9d45c48ff696252bb4faa05b7fb2
Author: “mihir <“mihir.adelkar@neosoftmail.com”>
Date:   Wed Sep 15 23:54:20 2021 +0530

    second commit

commit fb808af20f8f8cce03329e32412dd26d27e554a0
Author: “mihir <“mihir.adelkar@neosoftmail.com”>
Date:   Wed Sep 15 23:21:02 2021 +0530

    first commit

ASUS@DESKTOP-I61J4LL MINGW64 /e/Work/GIT/Task1 (branch1)
$ git rebase master branch1
Current branch branch1 is up to date.

ASUS@DESKTOP-I61J4LL MINGW64 /e/Work/GIT/Task1 (branch1)
$ git merge origin branch1
merge: origin - not something we can merge

ASUS@DESKTOP-I61J4LL MINGW64 /e/Work/GIT/Task1 (branch1)
$ git branch master
fatal: A branch named 'master' already exists.

ASUS@DESKTOP-I61J4LL MINGW64 /e/Work/GIT/Task1 (branch1)
$ git checkout master
Switched to branch 'master'
Your branch is up to date with 'origin/master'.

ASUS@DESKTOP-I61J4LL MINGW64 /e/Work/GIT/Task1 (master)
$ git merge origin branch1
merge: origin - not something we can merge

ASUS@DESKTOP-I61J4LL MINGW64 /e/Work/GIT/Task1 (master)
$ git merge master branch1
Updating b876f2d..1d72e3b
Fast-forward
 file3.txt | 1 +
 1 file changed, 1 insertion(+)
 create mode 100644 file3.txt

ASUS@DESKTOP-I61J4LL MINGW64 /e/Work/GIT/Task1 (master)
$ git push origin master
Enumerating objects: 4, done.
Counting objects: 100% (4/4), done.
Delta compression using up to 12 threads
Compressing objects: 100% (2/2), done.
Writing objects: 100% (3/3), 334 bytes | 334.00 KiB/s, done.
Total 3 (delta 0), reused 0 (delta 0), pack-reused 0
To github.com:mihir-neosoft/congenial-barnacle.git
   b876f2d..1d72e3b  master -> master

ASUS@DESKTOP-I61J4LL MINGW64 /e/Work/GIT/Task1 (master)
$ git pull request
fatal: 'request' does not appear to be a git repository
fatal: Could not read from remote repository.

Please make sure you have the correct access rights
and the repository exists.

ASUS@DESKTOP-I61J4LL MINGW64 /e/Work/GIT/Task1 (master)
$ git pull-request
git: 'pull-request' is not a git command. See 'git --help'.

ASUS@DESKTOP-I61J4LL MINGW64 /e/Work/GIT/Task1 (master)
$ git create pull-request
git: 'create' is not a git command. See 'git --help'.

The most similar command is
        reset

ASUS@DESKTOP-I61J4LL MINGW64 /e/Work/GIT/Task1 (master)
$ git request-pull
usage: git request-pull [options] start url [end]

    -p                    show patch text as well


ASUS@DESKTOP-I61J4LL MINGW64 /e/Work/GIT/Task1 (master)
$ git branch
  branch1
* master

ASUS@DESKTOP-I61J4LL MINGW64 /e/Work/GIT/Task1 (master)
$ git branch -D branch1
Deleted branch branch1 (was 1d72e3b).

ASUS@DESKTOP-I61J4LL MINGW64 /e/Work/GIT/Task1 (master)
$ git branch
* master

ASUS@DESKTOP-I61J4LL MINGW64 /e/Work/GIT/Task1 (master)
$ git push origin branch1
error: src refspec branch1 does not match any
error: failed to push some refs to 'github.com:mihir-neosoft/congenial-barnacle.git'

ASUS@DESKTOP-I61J4LL MINGW64 /e/Work/GIT/Task1 (master)
$ git push origin master
Everything up-to-date

ASUS@DESKTOP-I61J4LL MINGW64 /e/Work/GIT/Task1 (master)
$ git commit -m "update all"
On branch master
Your branch is up to date with 'origin/master'.

nothing to commit, working tree clean

ASUS@DESKTOP-I61J4LL MINGW64 /e/Work/GIT/Task1 (master)
$ git branch
* master

ASUS@DESKTOP-I61J4LL MINGW64 /e/Work/GIT/Task1 (master)
$ git rebase
Current branch master is up to date.

ASUS@DESKTOP-I61J4LL MINGW64 /e/Work/GIT/Task1 (master)
$ git rebase branch1
fatal: invalid upstream 'branch1'

ASUS@DESKTOP-I61J4LL MINGW64 /e/Work/GIT/Task1 (master)
$ git fetch origin

ASUS@DESKTOP-I61J4LL MINGW64 /e/Work/GIT/Task1 (master)
$ git branch
* master

ASUS@DESKTOP-I61J4LL MINGW64 /e/Work/GIT/Task1 (master)
$
